[2026-03-10 13:55:48] production.INFO: Payroll channel smoke test {"source":"cursor"} 
[2026-03-10 13:56:32] production.INFO: Payroll batch prepared {"payroll_id":224,"type":"salary","jobs_count":1} 
[2026-03-10 13:58:11] production.INFO: PayrollJob started {"payroll_id":224,"type":"salary","employees_count":97} 
[2026-03-10 13:58:29] production.INFO: PayrollJob completed {"payroll_id":224,"type":"salary","employees_count":97,"payroll_items_saved":97,"loan_deductions_inserted":0,"duration_ms":18884} 
[2026-03-10 13:58:30] production.INFO: PayrollJob started {"payroll_id":224,"type":"salary","employees_count":97} 
[2026-03-10 13:58:49] production.INFO: PayrollJob completed {"payroll_id":224,"type":"salary","employees_count":97,"payroll_items_saved":97,"loan_deductions_inserted":0,"duration_ms":19671} 
[2026-03-10 18:50:12] production.INFO: Payroll batch prepared {"payroll_id":225,"type":"salary","jobs_count":1} 
[2026-03-10 18:50:12] production.INFO: PayrollJob started {"payroll_id":225,"type":"salary","employees_count":7} 
[2026-03-10 18:50:12] production.ERROR: PayrollJob failed {"payroll_id":225,"type":"salary","error":"Attempt to read property \"items\" on null"} 
[2026-03-10 18:50:15] production.INFO: PayrollJob started {"payroll_id":225,"type":"salary","employees_count":7} 
[2026-03-10 18:50:15] production.ERROR: PayrollJob failed {"payroll_id":225,"type":"salary","error":"Attempt to read property \"items\" on null"} 
[2026-03-10 18:54:13] production.INFO: PayrollJob started {"payroll_id":226,"type":"salary","employees_count":104} 
[2026-03-10 18:54:32] production.INFO: PayrollJob completed {"payroll_id":226,"type":"salary","employees_count":104,"payroll_items_saved":104,"loan_deductions_inserted":0,"duration_ms":19295} 
[2026-03-10 18:58:32] production.INFO: PayrollJob started {"payroll_id":227,"type":"salary","employees_count":7} 
[2026-03-10 18:58:33] production.ERROR: PayrollJob failed {"payroll_id":227,"type":"salary","error":"Attempt to read property \"items\" on null"} 
[2026-03-10 19:07:42] production.INFO: Payroll batch prepared {"payroll_id":227,"type":"salary","jobs_count":1} 
[2026-03-10 19:07:42] production.INFO: PayrollJob started {"payroll_id":227,"type":"salary","employees_count":7} 
[2026-03-10 19:07:42] production.ERROR: PayrollJob failed {"payroll_id":227,"type":"salary","error":"Attempt to read property \"items\" on null"} 
[2026-03-10 19:08:07] production.INFO: PayrollJob started {"payroll_id":227,"type":"salary","employees_count":7} 
[2026-03-10 19:08:07] production.ERROR: PayrollJob failed {"payroll_id":227,"type":"salary","error":"Attempt to read property \"items\" on null"} 
[2026-03-10 19:08:15] production.INFO: Payroll batch prepared {"payroll_id":227,"type":"salary","jobs_count":1} 
[2026-03-10 19:08:16] production.INFO: PayrollJob started {"payroll_id":227,"type":"salary","employees_count":7} 
[2026-03-10 19:08:16] production.ERROR: PayrollJob failed {"payroll_id":227,"type":"salary","error":"Attempt to read property \"items\" on null"} 
[2026-03-10 19:09:02] production.INFO: Payroll batch prepared {"payroll_id":227,"type":"salary","jobs_count":1} 
[2026-03-10 19:09:04] production.INFO: PayrollJob started {"payroll_id":227,"type":"salary","employees_count":7} 
[2026-03-10 19:09:04] production.ERROR: PayrollJob failed {"payroll_id":227,"type":"salary","error":"Attempt to read property \"items\" on null"} 
[2026-03-10 19:09:34] production.INFO: PayrollJob started {"payroll_id":227,"type":"salary","employees_count":7} 
[2026-03-10 19:09:34] production.ERROR: PayrollJob failed {"payroll_id":227,"type":"salary","error":"Attempt to read property \"items\" on null"} 
[2026-03-10 20:16:03] production.INFO: Payroll batch prepared {"payroll_id":226,"type":"salary","jobs_count":1} 
[2026-03-10 20:16:03] production.INFO: PayrollJob started {"payroll_id":226,"type":"salary","employees_count":105} 
[2026-03-10 20:16:24] production.INFO: PayrollJob completed {"payroll_id":226,"type":"salary","employees_count":105,"payroll_items_saved":105,"loan_deductions_inserted":0,"duration_ms":20097} 
[2026-03-10 20:17:18] production.INFO: PayrollJob started {"payroll_id":226,"type":"salary","employees_count":105} 
[2026-03-10 20:17:39] production.INFO: PayrollJob completed {"payroll_id":226,"type":"salary","employees_count":105,"payroll_items_saved":105,"loan_deductions_inserted":0,"duration_ms":21061} 
[2026-03-10 20:41:29] production.INFO: PayrollJob started {"payroll_id":228,"type":"salary","employees_count":6} 
[2026-03-10 20:41:29] production.ERROR: PayrollJob failed {"payroll_id":228,"type":"salary","error":"Attempt to read property \"items\" on null"} 
[2026-03-10 21:49:04] production.INFO: Payroll batch prepared {"payroll_id":226,"type":"salary","jobs_count":1} 
[2026-03-10 21:49:05] production.INFO: PayrollJob started {"payroll_id":226,"type":"salary","employees_count":105} 
[2026-03-10 21:49:25] production.INFO: PayrollJob completed {"payroll_id":226,"type":"salary","employees_count":105,"payroll_items_saved":105,"loan_deductions_inserted":0,"duration_ms":20001} 
[2026-03-10 21:49:25] production.INFO: PayrollJob started {"payroll_id":226,"type":"salary","employees_count":105} 
[2026-03-10 21:49:45] production.INFO: PayrollJob completed {"payroll_id":226,"type":"salary","employees_count":105,"payroll_items_saved":105,"loan_deductions_inserted":0,"duration_ms":19550} 
[2026-03-10 22:32:15] production.INFO: Payroll batch prepared {"payroll_id":226,"type":"salary","jobs_count":1} 
[2026-03-10 22:32:16] production.INFO: PayrollJob started {"payroll_id":226,"type":"salary","employees_count":105} 
[2026-03-10 22:32:35] production.INFO: PayrollJob completed {"payroll_id":226,"type":"salary","employees_count":105,"payroll_items_saved":105,"loan_deductions_inserted":0,"duration_ms":18855} 
[2026-03-10 22:32:35] production.INFO: PayrollJob started {"payroll_id":226,"type":"salary","employees_count":105} 
[2026-03-10 22:32:55] production.INFO: PayrollJob completed {"payroll_id":226,"type":"salary","employees_count":105,"payroll_items_saved":105,"loan_deductions_inserted":0,"duration_ms":20712} 
