[2026-03-11 07:30:11] Employee 892 (DAVID JOHN DAGORO) logged in
[2026-03-11 07:42:13] Employee 813 (KATHERYN BAES) logged in
[2026-03-11 07:45:26] Employee 204 (BELEN ZABALLA) logged in
[2026-03-11 07:48:06] Employee 204 (BELEN ZABALLA) logged in
[2026-03-11 08:02:13] Employee 1 (Kim Anne Llemos) logged out
[2026-03-11 08:02:29] Employee 1 (Kim Anne Llemos) logged in
[2026-03-11 08:09:15] Employee 1 (Kim Anne Llemos) logged out
[2026-03-11 08:09:23] Employee 1 (Kim Anne Llemos) logged in
[2026-03-11 08:09:27] Employee 1 (Kim Anne Llemos) logged out
[2026-03-11 08:10:25] Employee 1 (Kim Anne Llemos) logged in
[2026-03-11 08:15:51] Employee 1 (Kim Anne Llemos) logged out
[2026-03-11 08:16:01] Employee 938 (MARIA CRISTINA MAURICIO) logged in
[2026-03-11 08:16:17] Employee 938 (MARIA CRISTINA MAURICIO) logged out
[2026-03-11 08:16:27] Employee 1 (Kim Anne Llemos) logged in
[2026-03-11 08:19:02] Employee 1 (Kim Anne Llemos) logged out
[2026-03-11 08:57:35] Employee 1 (Kim Anne Llemos) logged in
[2026-03-11 09:06:05] Employee 935 (DAISY JANE LOVE TUMANENG) logged in
[2026-03-11 09:08:14] Employee 136 (ARNES VELASCO) logged in
[2026-03-11 09:33:07] Employee 746 (MARIA ADAL QUITASOL) logged in
[2026-03-11 09:49:37] Employee 18 (EUGENIO BERNALES) logged in
[2026-03-11 11:07:36] Employee 693 (MARY CLAIRE NUARIN) logged in
[2026-03-11 11:08:29] Employee 693 (MARY CLAIRE NUARIN) logged out
[2026-03-11 11:11:19] Employee 130 (ANNA LIZA CAGUIMBAL) logged in
[2026-03-11 11:13:54] Employee 228 (RICHARD SICAT) logged in
[2026-03-11 11:14:41] Employee 228 (RICHARD SICAT) logged in
[2026-03-11 11:16:05] Employee 106 (LOLITO NAKILA) logged in
[2026-03-11 11:19:07] Employee 136 (ARNES VELASCO) logged in
[2026-03-11 13:16:34] Employee 865 (CHARMAINE MEDINA) logged in
[2026-03-11 13:16:40] Employee 865 (CHARMAINE MEDINA) logged out
[2026-03-11 13:22:50] Employee 936 (SHAMIRA MAE CONCEPCION) logged in
[2026-03-11 13:23:33] Employee 936 (SHAMIRA MAE CONCEPCION) logged out
[2026-03-11 13:28:56] Employee 690 (RODOLFO ALDEON) logged in
[2026-03-11 13:29:40] Employee 803 (MICHELLE REYES) logged in
[2026-03-11 13:31:17] Employee 803 (MICHELLE REYES) logged out
[2026-03-11 13:33:15] Employee 57 (MARTIN MANLALANGIT) logged in
[2026-03-11 13:48:15] Employee 690 (RODOLFO ALDEON) logged out
[2026-03-11 13:48:35] Employee 1 (Kim Anne Llemos) logged in
[2026-03-11 13:49:29] Employee 1 (Kim Anne Llemos) logged in
[2026-03-11 14:29:41] Employee 937 (DANICA BALANA) logged in
[2026-03-11 14:30:25] Employee 937 (DANICA BALANA) logged in
[2026-03-11 14:36:51] Employee 250 (MARIELLE ASUNCION) logged in
[2026-03-11 14:38:10] Employee 250 (MARIELLE ASUNCION) logged in
[2026-03-11 14:39:56] Employee 679 (KIM LAURENTO GONZALES) logged in
[2026-03-11 14:41:18] Employee 679 (KIM LAURENTO GONZALES) logged in
[2026-03-11 14:56:26] Employee 679 (KIM LAURENTO GONZALES) logged out
[2026-03-11 15:53:30] Employee 228 (RICHARD SICAT) logged in
[2026-03-11 15:55:47] Employee 693 (MARY CLAIRE NUARIN) logged in
[2026-03-11 15:56:49] Employee 693 (MARY CLAIRE NUARIN) logged out
[2026-03-11 16:01:34] Employee 967 ( JONATHAN  VELASCO) logged in
[2026-03-11 16:06:46] Employee 690 (RODOLFO ALDEON) logged in
[2026-03-11 16:07:19] Employee 690 (RODOLFO ALDEON) logged out
[2026-03-11 16:12:56] Employee 965 (MACATANGAY DARWIN) logged in
[2026-03-11 16:14:23] Employee 965 (MACATANGAY DARWIN) logged in
[2026-03-11 17:24:54] Employee 925 (ROSALIE REYES-BRIOSO) logged in
[2026-03-11 17:25:12] Employee 925 (ROSALIE REYES-BRIOSO) logged out
[2026-03-11 17:28:28] Employee 818 (SHERLEEN JADE TANCIO) logged in
[2026-03-11 17:30:22] Employee 818 (SHERLEEN JADE TANCIO) logged in
[2026-03-11 17:35:55] Employee 303 (KRISTIAN MIKKO LIM) logged in
[2026-03-11 17:38:08] Employee 279 (GERALDINE INOCENCIO) logged in
[2026-03-11 17:38:23] Employee 394 (JOHN LEO APOLINARIO) logged in
[2026-03-11 20:01:13] Employee 1 (Kim Anne Llemos) logged in
