[2026-03-10 12:41:01] Employee 1 (Kim Anne Llemos) logged in
[2026-03-10 12:41:01] Employee 1 (Kim Anne Llemos) logged out
[2026-03-10 12:41:49] Employee 1 (Kim Anne Llemos) logged in
[2026-03-10 12:41:49] Employee 1 (Kim Anne Llemos) logged out
[2026-03-10 12:42:18] Employee 1 (Kim Anne Llemos) logged in
[2026-03-10 12:42:18] Employee 1 (Kim Anne Llemos) logged out
[2026-03-10 12:48:03] Employee 1 (Kim Anne Llemos) logged in
[2026-03-10 13:02:23] Employee 932 (CARLO DAVID) logged in
[2026-03-10 13:04:09] Employee 932 (CARLO DAVID) logged in
[2026-03-10 13:17:58] Employee 930 (GERALD TY) logged in
[2026-03-10 13:21:10] Employee 930 (GERALD TY) logged out
[2026-03-10 13:22:34] Employee 930 (GERALD TY) logged in
[2026-03-10 13:24:00] Employee 930 (GERALD TY) logged in
[2026-03-10 15:03:01] Employee 746 (MARIA ADAL QUITASOL) logged in
[2026-03-10 15:03:44] Employee 746 (MARIA ADAL QUITASOL) logged in
[2026-03-10 15:07:34] Employee 746 (MARIA ADAL QUITASOL) logged in
[2026-03-10 15:13:27] Employee 746 (MARIA ADAL QUITASOL) logged in
[2026-03-10 15:15:28] Employee 15 (JANE BARGO) logged in
[2026-03-10 15:28:46] Employee 751 (MICHAEL ARADA) logged in
[2026-03-10 15:29:09] Employee 132 (MARIA JOSELA CLEMENTE) logged in
[2026-03-10 15:30:10] Employee 938 (MARIA CRISTINA MAURICIO) logged in
[2026-03-10 15:31:11] Employee 938 (MARIA CRISTINA MAURICIO) logged out
[2026-03-10 15:31:36] Employee 938 (MARIA CRISTINA MAURICIO) logged in
[2026-03-10 15:33:00] Employee 938 (MARIA CRISTINA MAURICIO) logged out
[2026-03-10 15:33:08] Employee 967 ( JONATHAN  VELASCO) logged in
[2026-03-10 15:34:30] Employee 116 (JORDAN MANALO) logged in
[2026-03-10 15:34:32] Employee 116 (JORDAN MANALO) logged in
[2026-03-10 15:34:42] Employee 141 (ERICKA CLEMENTE) logged in
[2026-03-10 15:34:55] Employee 967 ( JONATHAN  VELASCO) logged out
[2026-03-10 15:35:20] Employee 967 ( JONATHAN  VELASCO) logged in
[2026-03-10 15:37:08] Employee 82 (AFRIL APOLINAR) logged in
[2026-03-10 15:37:34] Employee 22 (LINDA CAÑETE) logged in
[2026-03-10 15:39:12] Employee 708 (CHINEE FARISCAL) logged in
[2026-03-10 15:41:12] Employee 20 (SHERYL BURAWES) logged in
[2026-03-10 15:45:11] Employee 751 (MICHAEL ARADA) logged out
[2026-03-10 15:46:59] Employee 15 (JANE BARGO) logged in
[2026-03-10 15:47:00] Employee 15 (JANE BARGO) logged in
[2026-03-10 15:48:00] Employee 15 (JANE BARGO) logged in
[2026-03-10 15:48:17] Employee 925 (ROSALIE REYES-BRIOSO) logged in
[2026-03-10 15:48:34] Employee 15 (JANE BARGO) logged in
[2026-03-10 15:48:36] Employee 15 (JANE BARGO) logged in
[2026-03-10 15:49:32] Employee 15 (JANE BARGO) logged in
[2026-03-10 15:49:32] Employee 873 (SHEENA MAE RAMIREZ) logged in
[2026-03-10 15:49:33] Employee 15 (JANE BARGO) logged in
[2026-03-10 15:49:34] Employee 15 (JANE BARGO) logged in
[2026-03-10 15:49:35] Employee 15 (JANE BARGO) logged in
[2026-03-10 15:49:41] Employee 15 (JANE BARGO) logged in
[2026-03-10 15:49:43] Employee 15 (JANE BARGO) logged in
[2026-03-10 15:49:43] Employee 15 (JANE BARGO) logged in
[2026-03-10 15:50:09] Employee 15 (JANE BARGO) logged in
[2026-03-10 15:50:10] Employee 15 (JANE BARGO) logged in
[2026-03-10 15:50:11] Employee 15 (JANE BARGO) logged in
[2026-03-10 15:50:54] Employee 15 (JANE BARGO) logged in
[2026-03-10 15:50:54] Employee 15 (JANE BARGO) logged in
[2026-03-10 15:54:18] Employee 938 (MARIA CRISTINA MAURICIO) logged in
[2026-03-10 15:54:58] Employee 831 (BEA MILAN CLERIGO) logged in
[2026-03-10 15:55:10] Employee 39 (RONALD IGNACIO) logged in
[2026-03-10 15:56:00] Employee 742 (RHODORA ROMANO) logged in
[2026-03-10 15:58:09] Employee 141 (ERICKA CLEMENTE) logged out
[2026-03-10 15:58:21] Employee 96 (CESAR CLEMENT DALISAY) logged in
[2026-03-10 15:58:28] Employee 39 (RONALD IGNACIO) logged out
[2026-03-10 15:58:43] Employee 39 (RONALD IGNACIO) logged in
[2026-03-10 15:58:50] Employee 39 (RONALD IGNACIO) logged out
[2026-03-10 15:59:32] Employee 96 (CESAR CLEMENT DALISAY) logged out
[2026-03-10 16:00:13] Employee 39 (RONALD IGNACIO) logged out
[2026-03-10 16:01:23] Employee 938 (MARIA CRISTINA MAURICIO) logged out
[2026-03-10 16:03:25] Employee 141 (ERICKA CLEMENTE) logged in
[2026-03-10 16:04:33] Employee 39 (RONALD IGNACIO) logged in
[2026-03-10 16:08:42] Employee 742 (RHODORA ROMANO) logged out
[2026-03-10 16:08:59] Employee 831 (BEA MILAN CLERIGO) logged out
[2026-03-10 16:11:41] Employee 865 (CHARMAINE MEDINA) logged in
[2026-03-10 16:14:49] Employee 865 (CHARMAINE MEDINA) logged out
[2026-03-10 16:33:30] Employee 141 (ERICKA CLEMENTE) logged out
[2026-03-10 16:48:09] Employee 57 (MARTIN MANLALANGIT) logged in
[2026-03-10 16:49:54] Employee 57 (MARTIN MANLALANGIT) logged in
[2026-03-10 17:14:15] Employee 692 (JOYCE UMOSO) logged in
[2026-03-10 17:35:08] Employee 925 (ROSALIE REYES-BRIOSO) logged out
[2026-03-10 18:28:53] Employee 598 (DOMINIQUE MONIDO) logged in
[2026-03-10 18:32:18] Employee 598 (DOMINIQUE MONIDO) logged out
[2026-03-10 22:39:32] Employee 827 (VILMA ZABALLA) logged in
[2026-03-10 23:04:45] Employee 1 (Kim Anne Llemos) logged in
