[2026-03-11 07:30:11] App\Models\EmployeeAccount UPDATED by [System]: {
    "id": 892,
    "employee_no": "OCS-790",
    "applicant_id": null,
    "email_id": "david.john.dagoro.1@hris.com",
    "email": "davidjohn.dagoro@gmail.com",
    "password": "$2y$12$oHjdT0zGFBVxsj\/67SNr9uX\/z8OwDKGoakzS.xGB3sAJqSOD4lfJW",
    "isLoggedIn": 0,
    "token": null,
    "isNew": "0",
    "isToUpdatePassword": 0,
    "last_password_updated": "2026-01-05 12:15:51",
    "isLocked": false,
    "locked_at": null,
    "login_attempts": 0,
    "created_at": null,
    "updated_at": null
}
[2026-03-11 07:33:10] App\Models\EmployeeAccount UPDATED by [System]: {
    "id": 813,
    "employee_no": "OCS-659",
    "applicant_id": null,
    "email_id": "katheryn.baes@hris.com",
    "email": null,
    "password": "$2y$12$WWqXAVxZWluBWPMsLC3W6uhiICbmU85d1Y1X5t9xBPE5WFebk1MVi",
    "isLoggedIn": 0,
    "token": null,
    "isNew": "0",
    "isToUpdatePassword": 0,
    "last_password_updated": "2026-01-02 22:13:19",
    "isLocked": 0,
    "locked_at": null,
    "login_attempts": 3,
    "created_at": null,
    "updated_at": null
}
[2026-03-11 07:39:21] App\Models\EmployeeAccount UPDATED by [System]: {
    "id": 813,
    "employee_no": "OCS-659",
    "applicant_id": null,
    "email_id": "katheryn.baes@hris.com",
    "email": null,
    "password": "$2y$12$WWqXAVxZWluBWPMsLC3W6uhiICbmU85d1Y1X5t9xBPE5WFebk1MVi",
    "isLoggedIn": 0,
    "token": null,
    "isNew": "0",
    "isToUpdatePassword": 0,
    "last_password_updated": "2026-01-02 22:13:19",
    "isLocked": 0,
    "locked_at": null,
    "login_attempts": 4,
    "created_at": null,
    "updated_at": null
}
[2026-03-11 07:39:41] App\Models\EmployeeAccount UPDATED by [System]: {
    "id": 813,
    "employee_no": "OCS-659",
    "applicant_id": null,
    "email_id": "katheryn.baes@hris.com",
    "email": null,
    "password": "$2y$12$WWqXAVxZWluBWPMsLC3W6uhiICbmU85d1Y1X5t9xBPE5WFebk1MVi",
    "isLoggedIn": 0,
    "token": null,
    "isNew": "0",
    "isToUpdatePassword": 0,
    "last_password_updated": "2026-01-02 22:13:19",
    "isLocked": 0,
    "locked_at": null,
    "login_attempts": 5,
    "created_at": null,
    "updated_at": null
}
[2026-03-11 07:39:41] App\Models\EmployeeAccount UPDATED by [System]: {
    "id": 813,
    "employee_no": "OCS-659",
    "applicant_id": null,
    "email_id": "katheryn.baes@hris.com",
    "email": null,
    "password": "$2y$12$WWqXAVxZWluBWPMsLC3W6uhiICbmU85d1Y1X5t9xBPE5WFebk1MVi",
    "isLoggedIn": 0,
    "token": null,
    "isNew": "0",
    "isToUpdatePassword": 0,
    "last_password_updated": "2026-01-02 22:13:19",
    "isLocked": true,
    "locked_at": "2026-03-10T23:39:41.242585Z",
    "login_attempts": 5,
    "created_at": null,
    "updated_at": null
}
[2026-03-11 07:41:42] App\Models\EmployeeAccount UPDATED by [10 - Maria Cristina Mauricio]: {
    "id": 813,
    "employee_no": "OCS-659",
    "applicant_id": null,
    "email_id": "katheryn.baes@hris.com",
    "email": null,
    "password": "$2y$12$WWqXAVxZWluBWPMsLC3W6uhiICbmU85d1Y1X5t9xBPE5WFebk1MVi",
    "isLoggedIn": 0,
    "token": null,
    "isNew": "0",
    "isToUpdatePassword": 0,
    "last_password_updated": "2026-01-02 22:13:19",
    "isLocked": false,
    "locked_at": "2026-03-11 07:39:41",
    "login_attempts": 0,
    "created_at": null,
    "updated_at": null
}
[2026-03-11 07:42:01] App\Models\EmployeeAccount UPDATED by [System]: {
    "id": 813,
    "employee_no": "OCS-659",
    "applicant_id": null,
    "email_id": "katheryn.baes@hris.com",
    "email": null,
    "password": "$2y$12$WWqXAVxZWluBWPMsLC3W6uhiICbmU85d1Y1X5t9xBPE5WFebk1MVi",
    "isLoggedIn": 0,
    "token": null,
    "isNew": "0",
    "isToUpdatePassword": 0,
    "last_password_updated": "2026-01-02 22:13:19",
    "isLocked": 0,
    "locked_at": "2026-03-11 07:39:41",
    "login_attempts": 1,
    "created_at": null,
    "updated_at": null
}
[2026-03-11 07:42:13] App\Models\EmployeeAccount UPDATED by [System]: {
    "id": 813,
    "employee_no": "OCS-659",
    "applicant_id": null,
    "email_id": "katheryn.baes@hris.com",
    "email": null,
    "password": "$2y$12$WWqXAVxZWluBWPMsLC3W6uhiICbmU85d1Y1X5t9xBPE5WFebk1MVi",
    "isLoggedIn": 0,
    "token": null,
    "isNew": "0",
    "isToUpdatePassword": 0,
    "last_password_updated": "2026-01-02 22:13:19",
    "isLocked": false,
    "locked_at": null,
    "login_attempts": 0,
    "created_at": null,
    "updated_at": null
}
[2026-03-11 07:44:47] App\Models\EmployeeAccount UPDATED by [System]: {
    "id": 204,
    "employee_no": "OP-21-175",
    "applicant_id": null,
    "email_id": "belen.zaballa@hris.com",
    "email": null,
    "password": "$2y$12$t6FdrCJCd9fp7SWBw7OsNOq2RpJZkifI3\/1VWxfiS\/eMtK4sSNmba",
    "isLoggedIn": 0,
    "token": null,
    "isNew": "0",
    "isToUpdatePassword": 0,
    "last_password_updated": "2026-01-03 20:17:52",
    "isLocked": 0,
    "locked_at": null,
    "login_attempts": 1,
    "created_at": null,
    "updated_at": null
}
[2026-03-11 07:44:58] App\Models\EmployeeAccount UPDATED by [System]: {
    "id": 204,
    "employee_no": "OP-21-175",
    "applicant_id": null,
    "email_id": "belen.zaballa@hris.com",
    "email": null,
    "password": "$2y$12$t6FdrCJCd9fp7SWBw7OsNOq2RpJZkifI3\/1VWxfiS\/eMtK4sSNmba",
    "isLoggedIn": 0,
    "token": null,
    "isNew": "0",
    "isToUpdatePassword": 0,
    "last_password_updated": "2026-01-03 20:17:52",
    "isLocked": 0,
    "locked_at": null,
    "login_attempts": 2,
    "created_at": null,
    "updated_at": null
}
[2026-03-11 07:45:26] App\Models\EmployeeAccount UPDATED by [System]: {
    "id": 204,
    "employee_no": "OP-21-175",
    "applicant_id": null,
    "email_id": "belen.zaballa@hris.com",
    "email": null,
    "password": "$2y$12$t6FdrCJCd9fp7SWBw7OsNOq2RpJZkifI3\/1VWxfiS\/eMtK4sSNmba",
    "isLoggedIn": 0,
    "token": null,
    "isNew": "0",
    "isToUpdatePassword": 0,
    "last_password_updated": "2026-01-03 20:17:52",
    "isLocked": false,
    "locked_at": null,
    "login_attempts": 0,
    "created_at": null,
    "updated_at": null
}
[2026-03-11 07:47:53] App\Models\EmployeeAccount UPDATED by [System]: {
    "id": 204,
    "employee_no": "OP-21-175",
    "applicant_id": null,
    "email_id": "belen.zaballa@hris.com",
    "email": null,
    "password": "$2y$12$t6FdrCJCd9fp7SWBw7OsNOq2RpJZkifI3\/1VWxfiS\/eMtK4sSNmba",
    "isLoggedIn": 0,
    "token": null,
    "isNew": "0",
    "isToUpdatePassword": 0,
    "last_password_updated": "2026-01-03 20:17:52",
    "isLocked": 0,
    "locked_at": null,
    "login_attempts": 1,
    "created_at": null,
    "updated_at": null
}
[2026-03-11 07:48:06] App\Models\EmployeeAccount UPDATED by [System]: {
    "id": 204,
    "employee_no": "OP-21-175",
    "applicant_id": null,
    "email_id": "belen.zaballa@hris.com",
    "email": null,
    "password": "$2y$12$t6FdrCJCd9fp7SWBw7OsNOq2RpJZkifI3\/1VWxfiS\/eMtK4sSNmba",
    "isLoggedIn": 0,
    "token": null,
    "isNew": "0",
    "isToUpdatePassword": 0,
    "last_password_updated": "2026-01-03 20:17:52",
    "isLocked": false,
    "locked_at": null,
    "login_attempts": 0,
    "created_at": null,
    "updated_at": null
}
[2026-03-11 07:50:06] App\Models\EmployeeAccount UPDATED by [System]: {
    "id": 937,
    "employee_no": "OCS-786",
    "applicant_id": null,
    "email_id": "danica.balana.1@hris.com",
    "email": null,
    "password": "$2y$12$RiZHGsjnAVIYyvthxsKbDeK14hMNWk3uhfpcvh6bXMRHWBBPfaPAq",
    "isLoggedIn": 0,
    "token": null,
    "isNew": "0",
    "isToUpdatePassword": 0,
    "last_password_updated": "2026-01-05 06:47:22",
    "isLocked": 0,
    "locked_at": null,
    "login_attempts": 1,
    "created_at": null,
    "updated_at": null
}
[2026-03-11 07:50:20] App\Models\EmployeeAccount UPDATED by [System]: {
    "id": 937,
    "employee_no": "OCS-786",
    "applicant_id": null,
    "email_id": "danica.balana.1@hris.com",
    "email": null,
    "password": "$2y$12$RiZHGsjnAVIYyvthxsKbDeK14hMNWk3uhfpcvh6bXMRHWBBPfaPAq",
    "isLoggedIn": 0,
    "token": null,
    "isNew": "0",
    "isToUpdatePassword": 0,
    "last_password_updated": "2026-01-05 06:47:22",
    "isLocked": 0,
    "locked_at": null,
    "login_attempts": 2,
    "created_at": null,
    "updated_at": null
}
[2026-03-11 07:58:22] App\Models\EmployeePersonal CREATED by [10 - Maria Cristina Mauricio]: {
    "employee_no": "OP-21-235",
    "profile": null,
    "firstname": "FERDINAND",
    "middlename": null,
    "lastname": "BUSCATO",
    "suffix": null,
    "birthday": null,
    "civil_status": null,
    "sex": "male",
    "citizenship": "filipino",
    "citizenship_type": "by_birth",
    "country": null,
    "birth_certificate": null,
    "marriage_certificate": null,
    "present_address": null,
    "present_province": null,
    "present_city": null,
    "permanent_address": null,
    "permanent_province": null,
    "permanent_city": null,
    "mobile_number": null,
    "tel_no": null,
    "height": null,
    "weight": null,
    "blood_type": null,
    "bp_no": null,
    "gsis_no": null,
    "pagibig_no": null,
    "philhealth_no": null,
    "sss_no": null,
    "tin_no": null,
    "updated_at": "2026-03-11 07:58:22",
    "created_at": "2026-03-11 07:58:22",
    "id": 969
}
[2026-03-11 07:58:22] App\Models\EmployeeAccount CREATED by [10 - Maria Cristina Mauricio]: {
    "employee_no": "OP-21-235",
    "email_id": "ferdinand.buscato@peace.gov.ph",
    "email": "ferdi11389@gmail.com",
    "id": 969
}
[2026-03-11 08:02:29] App\Models\EmployeeAccount UPDATED by [System]: {
    "id": 1,
    "employee_no": "EMP-TEST-01",
    "applicant_id": null,
    "email_id": "employee.test01@hris.com",
    "email": "TORNOHAZELANN@GMAIL.COM",
    "password": "$2y$12$DVaPllOPkYVSLhmvsJq4UeQzzaEuFdD0JD8ru8hSCNYE4IN3kB2Ni",
    "isLoggedIn": 0,
    "token": null,
    "isNew": "0",
    "isToUpdatePassword": 0,
    "last_password_updated": "2025-08-06 13:47:24",
    "isLocked": false,
    "locked_at": null,
    "login_attempts": 0,
    "created_at": null,
    "updated_at": null
}
[2026-03-11 08:07:56] App\Models\EmployeeAccount UPDATED by [1 - Opapru Superadmin]: {
    "id": 1,
    "employee_no": "EMP-TEST-01",
    "applicant_id": null,
    "email_id": "employee.test01@hris.com",
    "email": "rey@novulutions.com",
    "password": "$2y$12$.ci8Ca2IvwrH6v1ehP0vsOBlEzGaEpCJb8qaU6dKH\/DDYeLFwsX0e",
    "isLoggedIn": 0,
    "token": null,
    "isNew": "0",
    "isToUpdatePassword": 0,
    "last_password_updated": "2025-08-06 13:47:24",
    "isLocked": 0,
    "locked_at": null,
    "login_attempts": 0,
    "created_at": null,
    "updated_at": null
}
[2026-03-11 08:09:23] App\Models\EmployeeAccount UPDATED by [System]: {
    "id": 1,
    "employee_no": "EMP-TEST-01",
    "applicant_id": null,
    "email_id": "employee.test01@hris.com",
    "email": "rey@novulutions.com",
    "password": "$2y$12$.ci8Ca2IvwrH6v1ehP0vsOBlEzGaEpCJb8qaU6dKH\/DDYeLFwsX0e",
    "isLoggedIn": 0,
    "token": null,
    "isNew": "0",
    "isToUpdatePassword": 0,
    "last_password_updated": "2025-08-06 13:47:24",
    "isLocked": false,
    "locked_at": null,
    "login_attempts": 0,
    "created_at": null,
    "updated_at": null
}
[2026-03-11 08:10:25] App\Models\EmployeeAccount UPDATED by [System]: {
    "id": 1,
    "employee_no": "EMP-TEST-01",
    "applicant_id": null,
    "email_id": "employee.test01@hris.com",
    "email": "rey@novulutions.com",
    "password": "$2y$12$.ci8Ca2IvwrH6v1ehP0vsOBlEzGaEpCJb8qaU6dKH\/DDYeLFwsX0e",
    "isLoggedIn": 0,
    "token": null,
    "isNew": "0",
    "isToUpdatePassword": 0,
    "last_password_updated": "2025-08-06 13:47:24",
    "isLocked": false,
    "locked_at": null,
    "login_attempts": 0,
    "created_at": null,
    "updated_at": null
}
[2026-03-11 08:10:53] App\Models\EmployeeAccount UPDATED by [System]: {
    "id": 136,
    "employee_no": "OP-21-170",
    "applicant_id": null,
    "email_id": "arnes.velasco@hris.com",
    "email": null,
    "password": "$2y$12$9lNxjBBmPtHzi2ZUUyPcTOyiks0vpTKUlgfYK1kvjRL6Kflvzy4Iu",
    "isLoggedIn": 0,
    "token": null,
    "isNew": "1",
    "isToUpdatePassword": 0,
    "last_password_updated": null,
    "isLocked": 0,
    "locked_at": null,
    "login_attempts": 1,
    "created_at": null,
    "updated_at": null
}
[2026-03-11 08:11:12] App\Models\EmployeeAccount UPDATED by [System]: {
    "id": 136,
    "employee_no": "OP-21-170",
    "applicant_id": null,
    "email_id": "arnes.velasco@hris.com",
    "email": null,
    "password": "$2y$12$9lNxjBBmPtHzi2ZUUyPcTOyiks0vpTKUlgfYK1kvjRL6Kflvzy4Iu",
    "isLoggedIn": 0,
    "token": null,
    "isNew": "1",
    "isToUpdatePassword": 0,
    "last_password_updated": null,
    "isLocked": 0,
    "locked_at": null,
    "login_attempts": 2,
    "created_at": null,
    "updated_at": null
}
[2026-03-11 08:14:02] App\Models\EmployeeAccount UPDATED by [10 - Maria Cristina Mauricio]: {
    "id": 136,
    "employee_no": "OP-21-170",
    "applicant_id": null,
    "email_id": "arnes.velasco@hris.com",
    "email": "arnesvelasco229@gmail.com",
    "password": "$2y$12$9lNxjBBmPtHzi2ZUUyPcTOyiks0vpTKUlgfYK1kvjRL6Kflvzy4Iu",
    "isLoggedIn": 0,
    "token": null,
    "isNew": "1",
    "isToUpdatePassword": 0,
    "last_password_updated": null,
    "isLocked": 0,
    "locked_at": null,
    "login_attempts": 2,
    "created_at": null,
    "updated_at": null
}
[2026-03-11 08:15:17] App\Models\EmployeeAccount UPDATED by [10 - Maria Cristina Mauricio]: {
    "id": 935,
    "employee_no": "OCS-773",
    "applicant_id": null,
    "email_id": "daisy.jane.love.tumaneng.1@hris.com",
    "email": "daisyjanelovectumaneng@gmail.com",
    "password": "$2y$12$ynCdoai8H0D4DQ.XQqrnN.Ba7iM1eAHfMSNiL0pwNr0.pzHSmsMoa",
    "isLoggedIn": 0,
    "token": null,
    "isNew": "0",
    "isToUpdatePassword": 0,
    "last_password_updated": "2026-01-05 08:43:37",
    "isLocked": 0,
    "locked_at": "2026-03-10 15:55:03",
    "login_attempts": 1,
    "created_at": null,
    "updated_at": null
}
[2026-03-11 08:16:01] App\Models\EmployeeAccount UPDATED by [System]: {
    "id": 938,
    "employee_no": "OCS-794",
    "applicant_id": null,
    "email_id": "maria.cristina.mauricio.1@hris.com",
    "email": "cristina.mauricio@peace.gov.ph",
    "password": "$2y$12$5AD6QOcS\/hv\/T2hxOVAEIuGSmJ5PxsxJWpbi5Z.gSPg27BFLSZ\/aS",
    "isLoggedIn": 0,
    "token": null,
    "isNew": "0",
    "isToUpdatePassword": 0,
    "last_password_updated": "2026-01-05 05:04:57",
    "isLocked": false,
    "locked_at": null,
    "login_attempts": 0,
    "created_at": null,
    "updated_at": null
}
[2026-03-11 08:16:27] App\Models\EmployeeAccount UPDATED by [System]: {
    "id": 1,
    "employee_no": "EMP-TEST-01",
    "applicant_id": null,
    "email_id": "employee.test01@hris.com",
    "email": "rey@novulutions.com",
    "password": "$2y$12$.ci8Ca2IvwrH6v1ehP0vsOBlEzGaEpCJb8qaU6dKH\/DDYeLFwsX0e",
    "isLoggedIn": 0,
    "token": null,
    "isNew": "0",
    "isToUpdatePassword": 0,
    "last_password_updated": "2025-08-06 13:47:24",
    "isLocked": false,
    "locked_at": null,
    "login_attempts": 0,
    "created_at": null,
    "updated_at": null
}
[2026-03-11 08:18:03] App\Models\EmployeeAccount UPDATED by [System]: {
    "id": 935,
    "employee_no": "OCS-773",
    "applicant_id": null,
    "email_id": "daisy.jane.love.tumaneng.1@hris.com",
    "email": "daisyjanelovectumaneng@gmail.com",
    "password": "$2y$12$ynCdoai8H0D4DQ.XQqrnN.Ba7iM1eAHfMSNiL0pwNr0.pzHSmsMoa",
    "isLoggedIn": 0,
    "token": null,
    "isNew": "0",
    "isToUpdatePassword": 0,
    "last_password_updated": "2026-01-05 08:43:37",
    "isLocked": 0,
    "locked_at": "2026-03-10 15:55:03",
    "login_attempts": 2,
    "created_at": null,
    "updated_at": null
}
